10.240.0.214 - - [11/Oct/2016:04:54:57 +0000] "GET /index.js.map HTTP/1.1" 200 33 "-" "Mozilla/5.0 (Macintosh; Intel Mac OS X 10_12_0) AppleWebKit/537.36 (KHTML, like Gecko) Chrome/53.0.2785.143 Safari/537.36"
10.240.1.16 - - [11/Oct/2016:04:55:53 +0000] "GET /guide HTTP/1.1" 200 283 "http://openresty-pronan.c9users.io/" "Mozilla/5.0 (Macintosh; Intel Mac OS X 10_12_0) AppleWebKit/537.36 (KHTML, like Gecko) Chrome/53.0.2785.143 Safari/537.36"
10.240.1.14 - - [11/Oct/2016:04:55:54 +0000] "GET /index.js.map HTTP/1.1" 200 33 "-" "Mozilla/5.0 (Macintosh; Intel Mac OS X 10_12_0) AppleWebKit/537.36 (KHTML, like Gecko) Chrome/53.0.2785.143 Safari/537.36"
10.240.1.16 - - [11/Oct/2016:04:55:56 +0000] "GET /index.js.map HTTP/1.1" 200 33 "-" "Mozilla/5.0 (Macintosh; Intel Mac OS X 10_12_0) AppleWebKit/537.36 (KHTML, like Gecko) Chrome/53.0.2785.143 Safari/537.36"
10.240.1.14 - - [11/Oct/2016:04:55:57 +0000] "GET /login HTTP/1.1" 200 2681 "http://openresty-pronan.c9users.io/" "Mozilla/5.0 (Macintosh; Intel Mac OS X 10_12_0) AppleWebKit/537.36 (KHTML, like Gecko) Chrome/53.0.2785.143 Safari/537.36"
10.240.0.230 - - [11/Oct/2016:04:55:58 +0000] "GET /index.js.map HTTP/1.1" 200 33 "-" "Mozilla/5.0 (Macintosh; Intel Mac OS X 10_12_0) AppleWebKit/537.36 (KHTML, like Gecko) Chrome/53.0.2785.143 Safari/537.36"
10.240.0.214 - - [11/Oct/2016:04:56:32 +0000] "GET / HTTP/1.1" 200 1205 "http://openresty-pronan.c9users.io/login" "Mozilla/5.0 (Macintosh; Intel Mac OS X 10_12_0) AppleWebKit/537.36 (KHTML, like Gecko) Chrome/53.0.2785.143 Safari/537.36"
10.240.0.33 - - [11/Oct/2016:04:56:33 +0000] "GET /index.js.map HTTP/1.1" 200 33 "-" "Mozilla/5.0 (Macintosh; Intel Mac OS X 10_12_0) AppleWebKit/537.36 (KHTML, like Gecko) Chrome/53.0.2785.143 Safari/537.36"
10.240.0.230 - - [11/Oct/2016:04:59:01 +0000] "GET / HTTP/1.1" 200 1205 "-" "Mozilla/5.0 (Macintosh; Intel Mac OS X 10_12_0) AppleWebKit/537.36 (KHTML, like Gecko) Chrome/53.0.2785.143 Safari/537.36"
10.240.0.33 - - [11/Oct/2016:04:59:02 +0000] "GET /index.js.map HTTP/1.1" 200 33 "-" "Mozilla/5.0 (Macintosh; Intel Mac OS X 10_12_0) AppleWebKit/537.36 (KHTML, like Gecko) Chrome/53.0.2785.143 Safari/537.36"
10.240.0.213 - - [11/Oct/2016:05:00:28 +0000] "GET / HTTP/1.1" 200 1464 "-" "Mozilla/5.0 (Macintosh; Intel Mac OS X 10_12_0) AppleWebKit/537.36 (KHTML, like Gecko) Chrome/53.0.2785.143 Safari/537.36"
10.240.0.5 - - [11/Oct/2016:05:00:29 +0000] "GET /static/js/default.js HTTP/1.1" 304 0 "http://openresty-pronan.c9users.io/" "Mozilla/5.0 (Macintosh; Intel Mac OS X 10_12_0) AppleWebKit/537.36 (KHTML, like Gecko) Chrome/53.0.2785.143 Safari/537.36"
10.240.0.5 - - [11/Oct/2016:05:00:29 +0000] "GET /index.js.map HTTP/1.1" 200 33 "-" "Mozilla/5.0 (Macintosh; Intel Mac OS X 10_12_0) AppleWebKit/537.36 (KHTML, like Gecko) Chrome/53.0.2785.143 Safari/537.36"
10.240.0.33 - - [11/Oct/2016:05:00:49 +0000] "GET / HTTP/1.1" 200 1447 "-" "Mozilla/5.0 (Macintosh; Intel Mac OS X 10_12_0) AppleWebKit/537.36 (KHTML, like Gecko) Chrome/53.0.2785.143 Safari/537.36"
10.240.0.5 - - [11/Oct/2016:05:00:49 +0000] "GET /static/js/default.js HTTP/1.1" 304 0 "http://openresty-pronan.c9users.io/" "Mozilla/5.0 (Macintosh; Intel Mac OS X 10_12_0) AppleWebKit/537.36 (KHTML, like Gecko) Chrome/53.0.2785.143 Safari/537.36"
10.240.1.12 - - [11/Oct/2016:05:00:50 +0000] "GET /index.js.map HTTP/1.1" 200 33 "-" "Mozilla/5.0 (Macintosh; Intel Mac OS X 10_12_0) AppleWebKit/537.36 (KHTML, like Gecko) Chrome/53.0.2785.143 Safari/537.36"
10.240.0.213 - - [11/Oct/2016:07:08:29 +0000] "GET / HTTP/1.1" 200 1447 "https://openresty-pronan.c9users.io/register" "Mozilla/5.0 (Windows NT 10.0; Win64; x64) AppleWebKit/537.36 (KHTML, like Gecko) Chrome/53.0.2785.143 Safari/537.36"
10.240.0.5 - - [11/Oct/2016:07:08:30 +0000] "GET /static/js/default.js HTTP/1.1" 304 0 "https://openresty-pronan.c9users.io/" "Mozilla/5.0 (Windows NT 10.0; Win64; x64) AppleWebKit/537.36 (KHTML, like Gecko) Chrome/53.0.2785.143 Safari/537.36"
10.240.1.16 - - [11/Oct/2016:07:08:51 +0000] "GET /guide HTTP/1.1" 200 283 "https://openresty-pronan.c9users.io/" "Mozilla/5.0 (Windows NT 10.0; Win64; x64) AppleWebKit/537.36 (KHTML, like Gecko) Chrome/53.0.2785.143 Safari/537.36"
10.240.1.14 - - [11/Oct/2016:07:23:08 +0000] "GET / HTTP/1.1" 200 1470 "https://openresty-pronan.c9users.io/register" "Mozilla/5.0 (Windows NT 10.0; Win64; x64) AppleWebKit/537.36 (KHTML, like Gecko) Chrome/53.0.2785.143 Safari/537.36"
10.240.0.33 - - [11/Oct/2016:07:23:09 +0000] "GET /static/js/default.js HTTP/1.1" 304 0 "https://openresty-pronan.c9users.io/" "Mozilla/5.0 (Windows NT 10.0; Win64; x64) AppleWebKit/537.36 (KHTML, like Gecko) Chrome/53.0.2785.143 Safari/537.36"
10.240.0.33 - - [11/Oct/2016:07:23:57 +0000] "GET / HTTP/1.1" 200 1503 "https://openresty-pronan.c9users.io/register" "Mozilla/5.0 (Windows NT 10.0; Win64; x64) AppleWebKit/537.36 (KHTML, like Gecko) Chrome/53.0.2785.143 Safari/537.36"
10.240.0.33 - - [11/Oct/2016:07:23:57 +0000] "GET /static/js/default.js HTTP/1.1" 304 0 "https://openresty-pronan.c9users.io/" "Mozilla/5.0 (Windows NT 10.0; Win64; x64) AppleWebKit/537.36 (KHTML, like Gecko) Chrome/53.0.2785.143 Safari/537.36"
10.240.0.213 - - [11/Oct/2016:07:30:46 +0000] "GET / HTTP/1.1" 200 1496 "https://openresty-pronan.c9users.io/register" "Mozilla/5.0 (Windows NT 10.0; Win64; x64) AppleWebKit/537.36 (KHTML, like Gecko) Chrome/53.0.2785.143 Safari/537.36"
10.240.0.213 - - [11/Oct/2016:07:30:46 +0000] "GET /static/js/default.js HTTP/1.1" 304 0 "https://openresty-pronan.c9users.io/" "Mozilla/5.0 (Windows NT 10.0; Win64; x64) AppleWebKit/537.36 (KHTML, like Gecko) Chrome/53.0.2785.143 Safari/537.36"
10.240.1.14 - - [11/Oct/2016:07:33:28 +0000] "GET / HTTP/1.1" 200 1496 "-" "Mozilla/5.0 (Windows NT 10.0; Win64; x64) AppleWebKit/537.36 (KHTML, like Gecko) Chrome/53.0.2785.143 Safari/537.36"
10.240.0.214 - - [11/Oct/2016:07:33:38 +0000] "GET /register HTTP/1.1" 200 2737 "https://openresty-pronan.c9users.io/" "Mozilla/5.0 (Windows NT 10.0; Win64; x64) AppleWebKit/537.36 (KHTML, like Gecko) Chrome/53.0.2785.143 Safari/537.36"
10.240.0.230 - - [11/Oct/2016:08:28:24 +0000] "GET /register HTTP/1.1" 200 1159 "https://openresty-pronan.c9users.io/" "Mozilla/5.0 (Windows NT 10.0; Win64; x64) AppleWebKit/537.36 (KHTML, like Gecko) Chrome/53.0.2785.143 Safari/537.36"
10.240.0.5 - - [11/Oct/2016:08:28:25 +0000] "GET /static/js/default.js HTTP/1.1" 304 0 "https://openresty-pronan.c9users.io/register" "Mozilla/5.0 (Windows NT 10.0; Win64; x64) AppleWebKit/537.36 (KHTML, like Gecko) Chrome/53.0.2785.143 Safari/537.36"
10.240.1.16 - - [11/Oct/2016:08:29:00 +0000] "GET /register HTTP/1.1" 200 1159 "https://openresty-pronan.c9users.io/" "Mozilla/5.0 (Windows NT 10.0; Win64; x64) AppleWebKit/537.36 (KHTML, like Gecko) Chrome/53.0.2785.143 Safari/537.36"
10.240.1.16 - - [11/Oct/2016:08:29:00 +0000] "GET /static/js/default.js HTTP/1.1" 304 0 "https://openresty-pronan.c9users.io/register" "Mozilla/5.0 (Windows NT 10.0; Win64; x64) AppleWebKit/537.36 (KHTML, like Gecko) Chrome/53.0.2785.143 Safari/537.36"
10.240.1.16 - - [11/Oct/2016:08:31:54 +0000] "GET /register HTTP/1.1" 200 1159 "https://openresty-pronan.c9users.io/" "Mozilla/5.0 (Windows NT 10.0; Win64; x64) AppleWebKit/537.36 (KHTML, like Gecko) Chrome/53.0.2785.143 Safari/537.36"
10.240.0.240 - - [11/Oct/2016:08:31:54 +0000] "GET /static/js/default.js HTTP/1.1" 304 0 "https://openresty-pronan.c9users.io/register" "Mozilla/5.0 (Windows NT 10.0; Win64; x64) AppleWebKit/537.36 (KHTML, like Gecko) Chrome/53.0.2785.143 Safari/537.36"
10.240.0.5 - - [11/Oct/2016:08:32:32 +0000] "GET /login HTTP/1.1" 200 2598 "https://openresty-pronan.c9users.io/register" "Mozilla/5.0 (Windows NT 10.0; Win64; x64) AppleWebKit/537.36 (KHTML, like Gecko) Chrome/53.0.2785.143 Safari/537.36"
10.240.0.5 - - [11/Oct/2016:08:32:33 +0000] "GET /static/images/qq.jpg HTTP/1.1" 304 0 "https://openresty-pronan.c9users.io/login" "Mozilla/5.0 (Windows NT 10.0; Win64; x64) AppleWebKit/537.36 (KHTML, like Gecko) Chrome/53.0.2785.143 Safari/537.36"
10.240.0.5 - - [11/Oct/2016:08:32:33 +0000] "GET /static/images/github.png HTTP/1.1" 304 0 "https://openresty-pronan.c9users.io/login" "Mozilla/5.0 (Windows NT 10.0; Win64; x64) AppleWebKit/537.36 (KHTML, like Gecko) Chrome/53.0.2785.143 Safari/537.36"
10.240.1.30 - - [11/Oct/2016:08:36:18 +0000] "POST /login HTTP/1.1" 200 583 "https://openresty-pronan.c9users.io/login" "Mozilla/5.0 (Windows NT 10.0; Win64; x64) AppleWebKit/537.36 (KHTML, like Gecko) Chrome/53.0.2785.143 Safari/537.36"
10.240.1.14 - - [11/Oct/2016:08:36:24 +0000] "GET /login HTTP/1.1" 200 2598 "https://openresty-pronan.c9users.io/register" "Mozilla/5.0 (Windows NT 10.0; Win64; x64) AppleWebKit/537.36 (KHTML, like Gecko) Chrome/53.0.2785.143 Safari/537.36"
10.240.0.214 - - [11/Oct/2016:08:47:24 +0000] "GET /login HTTP/1.1" 200 2759 "https://openresty-pronan.c9users.io/register" "Mozilla/5.0 (Windows NT 10.0; Win64; x64) AppleWebKit/537.36 (KHTML, like Gecko) Chrome/53.0.2785.143 Safari/537.36"
10.240.0.214 - - [11/Oct/2016:08:47:25 +0000] "GET /static/images/qq.jpg HTTP/1.1" 304 0 "https://openresty-pronan.c9users.io/login" "Mozilla/5.0 (Windows NT 10.0; Win64; x64) AppleWebKit/537.36 (KHTML, like Gecko) Chrome/53.0.2785.143 Safari/537.36"
10.240.0.214 - - [11/Oct/2016:08:47:25 +0000] "GET /static/js/default.js HTTP/1.1" 304 0 "https://openresty-pronan.c9users.io/login" "Mozilla/5.0 (Windows NT 10.0; Win64; x64) AppleWebKit/537.36 (KHTML, like Gecko) Chrome/53.0.2785.143 Safari/537.36"
10.240.0.214 - - [11/Oct/2016:08:47:25 +0000] "GET /static/images/github.png HTTP/1.1" 304 0 "https://openresty-pronan.c9users.io/login" "Mozilla/5.0 (Windows NT 10.0; Win64; x64) AppleWebKit/537.36 (KHTML, like Gecko) Chrome/53.0.2785.143 Safari/537.36"
10.240.1.30 - - [11/Oct/2016:08:47:59 +0000] "GET /login HTTP/1.1" 200 2776 "https://openresty-pronan.c9users.io/register" "Mozilla/5.0 (Windows NT 10.0; Win64; x64) AppleWebKit/537.36 (KHTML, like Gecko) Chrome/53.0.2785.143 Safari/537.36"
10.240.0.230 - - [11/Oct/2016:08:48:00 +0000] "GET /static/images/qq.jpg HTTP/1.1" 304 0 "https://openresty-pronan.c9users.io/login" "Mozilla/5.0 (Windows NT 10.0; Win64; x64) AppleWebKit/537.36 (KHTML, like Gecko) Chrome/53.0.2785.143 Safari/537.36"
10.240.0.230 - - [11/Oct/2016:08:48:00 +0000] "GET /static/js/default.js HTTP/1.1" 304 0 "https://openresty-pronan.c9users.io/login" "Mozilla/5.0 (Windows NT 10.0; Win64; x64) AppleWebKit/537.36 (KHTML, like Gecko) Chrome/53.0.2785.143 Safari/537.36"
10.240.0.240 - - [11/Oct/2016:08:48:00 +0000] "GET /static/images/github.png HTTP/1.1" 304 0 "https://openresty-pronan.c9users.io/login" "Mozilla/5.0 (Windows NT 10.0; Win64; x64) AppleWebKit/537.36 (KHTML, like Gecko) Chrome/53.0.2785.143 Safari/537.36"
10.240.0.33 - - [11/Oct/2016:08:48:52 +0000] "GET /login HTTP/1.1" 200 2800 "https://openresty-pronan.c9users.io/register" "Mozilla/5.0 (Windows NT 10.0; Win64; x64) AppleWebKit/537.36 (KHTML, like Gecko) Chrome/53.0.2785.143 Safari/537.36"
10.240.0.33 - - [11/Oct/2016:08:48:52 +0000] "GET /static/images/qq.jpg HTTP/1.1" 304 0 "https://openresty-pronan.c9users.io/login" "Mozilla/5.0 (Windows NT 10.0; Win64; x64) AppleWebKit/537.36 (KHTML, like Gecko) Chrome/53.0.2785.143 Safari/537.36"
10.240.0.230 - - [11/Oct/2016:08:48:52 +0000] "GET /static/images/github.png HTTP/1.1" 304 0 "https://openresty-pronan.c9users.io/login" "Mozilla/5.0 (Windows NT 10.0; Win64; x64) AppleWebKit/537.36 (KHTML, like Gecko) Chrome/53.0.2785.143 Safari/537.36"
10.240.0.5 - - [11/Oct/2016:08:48:53 +0000] "GET /static/js/default.js HTTP/1.1" 304 0 "https://openresty-pronan.c9users.io/login" "Mozilla/5.0 (Windows NT 10.0; Win64; x64) AppleWebKit/537.36 (KHTML, like Gecko) Chrome/53.0.2785.143 Safari/537.36"
10.240.0.33 - - [11/Oct/2016:08:49:03 +0000] "GET / HTTP/1.1" 200 1414 "https://openresty-pronan.c9users.io/login" "Mozilla/5.0 (Windows NT 10.0; Win64; x64) AppleWebKit/537.36 (KHTML, like Gecko) Chrome/53.0.2785.143 Safari/537.36"
10.240.1.30 - - [11/Oct/2016:08:50:31 +0000] "GET / HTTP/1.1" 200 1361 "https://openresty-pronan.c9users.io/login" "Mozilla/5.0 (Windows NT 10.0; Win64; x64) AppleWebKit/537.36 (KHTML, like Gecko) Chrome/53.0.2785.143 Safari/537.36"
10.240.1.16 - - [11/Oct/2016:08:50:32 +0000] "GET /static/js/default.js HTTP/1.1" 304 0 "https://openresty-pronan.c9users.io/" "Mozilla/5.0 (Windows NT 10.0; Win64; x64) AppleWebKit/537.36 (KHTML, like Gecko) Chrome/53.0.2785.143 Safari/537.36"
10.240.1.12 - - [11/Oct/2016:08:51:12 +0000] "GET /login HTTP/1.1" 200 2747 "https://openresty-pronan.c9users.io/" "Mozilla/5.0 (Windows NT 10.0; Win64; x64) AppleWebKit/537.36 (KHTML, like Gecko) Chrome/53.0.2785.143 Safari/537.36"
10.240.1.14 - - [11/Oct/2016:08:52:14 +0000] "GET /register HTTP/1.1" 200 1308 "https://openresty-pronan.c9users.io/login" "Mozilla/5.0 (Windows NT 10.0; Win64; x64) AppleWebKit/537.36 (KHTML, like Gecko) Chrome/53.0.2785.143 Safari/537.36"
10.240.0.230 - - [11/Oct/2016:08:52:20 +0000] "GET /login HTTP/1.1" 200 2747 "https://openresty-pronan.c9users.io/register" "Mozilla/5.0 (Windows NT 10.0; Win64; x64) AppleWebKit/537.36 (KHTML, like Gecko) Chrome/53.0.2785.143 Safari/537.36"
10.240.0.214 - - [11/Oct/2016:08:55:52 +0000] "GET /login HTTP/1.1" 200 2768 "https://openresty-pronan.c9users.io/register" "Mozilla/5.0 (Windows NT 10.0; Win64; x64) AppleWebKit/537.36 (KHTML, like Gecko) Chrome/53.0.2785.143 Safari/537.36"
10.240.0.214 - - [11/Oct/2016:08:55:52 +0000] "GET /static/js/default.js HTTP/1.1" 304 0 "https://openresty-pronan.c9users.io/login" "Mozilla/5.0 (Windows NT 10.0; Win64; x64) AppleWebKit/537.36 (KHTML, like Gecko) Chrome/53.0.2785.143 Safari/537.36"
10.240.1.16 - - [11/Oct/2016:08:55:53 +0000] "GET /static/images/qq.jpg HTTP/1.1" 304 0 "https://openresty-pronan.c9users.io/login" "Mozilla/5.0 (Windows NT 10.0; Win64; x64) AppleWebKit/537.36 (KHTML, like Gecko) Chrome/53.0.2785.143 Safari/537.36"
10.240.1.30 - - [11/Oct/2016:08:55:53 +0000] "GET /static/images/github.png HTTP/1.1" 304 0 "https://openresty-pronan.c9users.io/login" "Mozilla/5.0 (Windows NT 10.0; Win64; x64) AppleWebKit/537.36 (KHTML, like Gecko) Chrome/53.0.2785.143 Safari/537.36"
10.240.1.30 - - [11/Oct/2016:08:55:56 +0000] "GET / HTTP/1.1" 200 1382 "https://openresty-pronan.c9users.io/login" "Mozilla/5.0 (Windows NT 10.0; Win64; x64) AppleWebKit/537.36 (KHTML, like Gecko) Chrome/53.0.2785.143 Safari/537.36"
10.240.1.16 - - [11/Oct/2016:08:55:58 +0000] "GET /login HTTP/1.1" 200 2768 "https://openresty-pronan.c9users.io/" "Mozilla/5.0 (Windows NT 10.0; Win64; x64) AppleWebKit/537.36 (KHTML, like Gecko) Chrome/53.0.2785.143 Safari/537.36"
10.240.1.30 - - [11/Oct/2016:08:58:57 +0000] "GET /login HTTP/1.1" 200 2768 "-" "Mozilla/5.0 (Linux; U; Android 5.1.1; zh-cn; Redmi 3 Build/LMY47V) AppleWebKit/537.36 (KHTML, like Gecko) Version/4.0 Chrome/46.0.2490.85 Mobile Safari/537.36 XiaoMi/MiuiBrowser/8.2.10"
10.240.1.30 - - [11/Oct/2016:08:58:57 +0000] "GET /static/images/github.png HTTP/1.1" 200 11277 "https://openresty-pronan.c9users.io/login" "Mozilla/5.0 (Linux; U; Android 5.1.1; zh-cn; Redmi 3 Build/LMY47V) AppleWebKit/537.36 (KHTML, like Gecko) Version/4.0 Chrome/46.0.2490.85 Mobile Safari/537.36 XiaoMi/MiuiBrowser/8.2.10"
10.240.1.30 - - [11/Oct/2016:08:58:57 +0000] "GET /static/js/default.js HTTP/1.1" 200 512616 "https://openresty-pronan.c9users.io/login" "Mozilla/5.0 (Linux; U; Android 5.1.1; zh-cn; Redmi 3 Build/LMY47V) AppleWebKit/537.36 (KHTML, like Gecko) Version/4.0 Chrome/46.0.2490.85 Mobile Safari/537.36 XiaoMi/MiuiBrowser/8.2.10"
10.240.1.12 - - [11/Oct/2016:08:58:58 +0000] "GET /static/images/qq.jpg HTTP/1.1" 200 5209 "https://openresty-pronan.c9users.io/login" "Mozilla/5.0 (Linux; U; Android 5.1.1; zh-cn; Redmi 3 Build/LMY47V) AppleWebKit/537.36 (KHTML, like Gecko) Version/4.0 Chrome/46.0.2490.85 Mobile Safari/537.36 XiaoMi/MiuiBrowser/8.2.10"
10.240.1.30 - - [11/Oct/2016:08:58:58 +0000] "GET /favicon.ico HTTP/1.1" 200 1150 "https://openresty-pronan.c9users.io/login" "Mozilla/5.0 (Linux; U; Android 5.1.1; zh-cn; Redmi 3 Build/LMY47V) AppleWebKit/537.36 (KHTML, like Gecko) Version/4.0 Chrome/46.0.2490.85 Mobile Safari/537.36 XiaoMi/MiuiBrowser/8.2.10"
10.240.1.16 - - [11/Oct/2016:08:59:10 +0000] "GET / HTTP/1.1" 200 1382 "https://openresty-pronan.c9users.io/login" "Mozilla/5.0 (Linux; U; Android 5.1.1; zh-cn; Redmi 3 Build/LMY47V) AppleWebKit/537.36 (KHTML, like Gecko) Version/4.0 Chrome/46.0.2490.85 Mobile Safari/537.36 XiaoMi/MiuiBrowser/8.2.10"
10.240.0.240 - - [11/Oct/2016:08:59:13 +0000] "GET /register HTTP/1.1" 200 1329 "https://openresty-pronan.c9users.io/" "Mozilla/5.0 (Linux; U; Android 5.1.1; zh-cn; Redmi 3 Build/LMY47V) AppleWebKit/537.36 (KHTML, like Gecko) Version/4.0 Chrome/46.0.2490.85 Mobile Safari/537.36 XiaoMi/MiuiBrowser/8.2.10"
10.240.0.230 - - [11/Oct/2016:08:59:16 +0000] "GET /login HTTP/1.1" 200 2768 "https://openresty-pronan.c9users.io/register" "Mozilla/5.0 (Linux; U; Android 5.1.1; zh-cn; Redmi 3 Build/LMY47V) AppleWebKit/537.36 (KHTML, like Gecko) Version/4.0 Chrome/46.0.2490.85 Mobile Safari/537.36 XiaoMi/MiuiBrowser/8.2.10"
10.240.0.214 - - [11/Oct/2016:09:03:16 +0000] "GET /login HTTP/1.1" 200 2770 "https://openresty-pronan.c9users.io/" "Mozilla/5.0 (Windows NT 10.0; Win64; x64) AppleWebKit/537.36 (KHTML, like Gecko) Chrome/53.0.2785.143 Safari/537.36"
10.240.0.214 - - [11/Oct/2016:09:03:16 +0000] "GET /static/images/github.png HTTP/1.1" 304 0 "https://openresty-pronan.c9users.io/login" "Mozilla/5.0 (Windows NT 10.0; Win64; x64) AppleWebKit/537.36 (KHTML, like Gecko) Chrome/53.0.2785.143 Safari/537.36"
10.240.1.12 - - [11/Oct/2016:09:03:16 +0000] "GET /static/images/qq.jpg HTTP/1.1" 304 0 "https://openresty-pronan.c9users.io/login" "Mozilla/5.0 (Windows NT 10.0; Win64; x64) AppleWebKit/537.36 (KHTML, like Gecko) Chrome/53.0.2785.143 Safari/537.36"
10.240.0.230 - - [11/Oct/2016:09:03:17 +0000] "GET /static/js/default.js HTTP/1.1" 304 0 "https://openresty-pronan.c9users.io/login" "Mozilla/5.0 (Windows NT 10.0; Win64; x64) AppleWebKit/537.36 (KHTML, like Gecko) Chrome/53.0.2785.143 Safari/537.36"
10.240.1.30 - - [11/Oct/2016:09:04:58 +0000] "GET /login HTTP/1.1" 200 2736 "https://openresty-pronan.c9users.io/" "Mozilla/5.0 (Windows NT 10.0; Win64; x64) AppleWebKit/537.36 (KHTML, like Gecko) Chrome/53.0.2785.143 Safari/537.36"
10.240.1.30 - - [11/Oct/2016:09:04:58 +0000] "GET /static/images/qq.jpg HTTP/1.1" 304 0 "https://openresty-pronan.c9users.io/login" "Mozilla/5.0 (Windows NT 10.0; Win64; x64) AppleWebKit/537.36 (KHTML, like Gecko) Chrome/53.0.2785.143 Safari/537.36"
10.240.1.30 - - [11/Oct/2016:09:04:58 +0000] "GET /static/js/default.js HTTP/1.1" 304 0 "https://openresty-pronan.c9users.io/login" "Mozilla/5.0 (Windows NT 10.0; Win64; x64) AppleWebKit/537.36 (KHTML, like Gecko) Chrome/53.0.2785.143 Safari/537.36"
10.240.1.30 - - [11/Oct/2016:09:04:58 +0000] "GET /static/images/github.png HTTP/1.1" 304 0 "https://openresty-pronan.c9users.io/login" "Mozilla/5.0 (Windows NT 10.0; Win64; x64) AppleWebKit/537.36 (KHTML, like Gecko) Chrome/53.0.2785.143 Safari/537.36"
10.240.1.14 - - [11/Oct/2016:09:08:29 +0000] "GET /login HTTP/1.1" 200 2816 "https://openresty-pronan.c9users.io/" "Mozilla/5.0 (Windows NT 10.0; Win64; x64) AppleWebKit/537.36 (KHTML, like Gecko) Chrome/53.0.2785.143 Safari/537.36"
10.240.0.240 - - [11/Oct/2016:09:08:30 +0000] "GET /static/images/qq.jpg HTTP/1.1" 304 0 "https://openresty-pronan.c9users.io/login" "Mozilla/5.0 (Windows NT 10.0; Win64; x64) AppleWebKit/537.36 (KHTML, like Gecko) Chrome/53.0.2785.143 Safari/537.36"
10.240.0.214 - - [11/Oct/2016:09:08:30 +0000] "GET /static/js/default.js HTTP/1.1" 304 0 "https://openresty-pronan.c9users.io/login" "Mozilla/5.0 (Windows NT 10.0; Win64; x64) AppleWebKit/537.36 (KHTML, like Gecko) Chrome/53.0.2785.143 Safari/537.36"
10.240.0.230 - - [11/Oct/2016:09:08:30 +0000] "GET /static/images/github.png HTTP/1.1" 304 0 "https://openresty-pronan.c9users.io/login" "Mozilla/5.0 (Windows NT 10.0; Win64; x64) AppleWebKit/537.36 (KHTML, like Gecko) Chrome/53.0.2785.143 Safari/537.36"
10.240.0.33 - - [11/Oct/2016:09:10:41 +0000] "GET /login HTTP/1.1" 200 2833 "https://openresty-pronan.c9users.io/" "Mozilla/5.0 (Windows NT 10.0; Win64; x64) AppleWebKit/537.36 (KHTML, like Gecko) Chrome/53.0.2785.143 Safari/537.36"
10.240.0.230 - - [11/Oct/2016:09:10:42 +0000] "GET /static/images/qq.jpg HTTP/1.1" 304 0 "https://openresty-pronan.c9users.io/login" "Mozilla/5.0 (Windows NT 10.0; Win64; x64) AppleWebKit/537.36 (KHTML, like Gecko) Chrome/53.0.2785.143 Safari/537.36"
10.240.0.214 - - [11/Oct/2016:09:10:42 +0000] "GET /static/js/default.js HTTP/1.1" 304 0 "https://openresty-pronan.c9users.io/login" "Mozilla/5.0 (Windows NT 10.0; Win64; x64) AppleWebKit/537.36 (KHTML, like Gecko) Chrome/53.0.2785.143 Safari/537.36"
10.240.0.230 - - [11/Oct/2016:09:10:42 +0000] "GET /static/images/github.png HTTP/1.1" 304 0 "https://openresty-pronan.c9users.io/login" "Mozilla/5.0 (Windows NT 10.0; Win64; x64) AppleWebKit/537.36 (KHTML, like Gecko) Chrome/53.0.2785.143 Safari/537.36"
10.240.0.33 - - [11/Oct/2016:09:18:13 +0000] "GET /login HTTP/1.1" 200 2833 "https://openresty-pronan.c9users.io/" "Mozilla/5.0 (Windows NT 10.0; Win64; x64) AppleWebKit/537.36 (KHTML, like Gecko) Chrome/53.0.2785.143 Safari/537.36"
10.240.0.33 - - [11/Oct/2016:09:18:13 +0000] "GET /static/images/qq.jpg HTTP/1.1" 304 0 "https://openresty-pronan.c9users.io/login" "Mozilla/5.0 (Windows NT 10.0; Win64; x64) AppleWebKit/537.36 (KHTML, like Gecko) Chrome/53.0.2785.143 Safari/537.36"
10.240.0.33 - - [11/Oct/2016:09:18:13 +0000] "GET /static/js/default.js HTTP/1.1" 304 0 "https://openresty-pronan.c9users.io/login" "Mozilla/5.0 (Windows NT 10.0; Win64; x64) AppleWebKit/537.36 (KHTML, like Gecko) Chrome/53.0.2785.143 Safari/537.36"
10.240.0.33 - - [11/Oct/2016:09:18:13 +0000] "GET /static/images/github.png HTTP/1.1" 304 0 "https://openresty-pronan.c9users.io/login" "Mozilla/5.0 (Windows NT 10.0; Win64; x64) AppleWebKit/537.36 (KHTML, like Gecko) Chrome/53.0.2785.143 Safari/537.36"
10.240.0.214 - - [11/Oct/2016:09:35:24 +0000] "GET /register HTTP/1.1" 200 2596 "https://openresty-pronan.c9users.io/login" "Mozilla/5.0 (Windows NT 10.0; Win64; x64) AppleWebKit/537.36 (KHTML, like Gecko) Chrome/53.0.2785.143 Safari/537.36"
10.240.0.230 - - [11/Oct/2016:09:35:29 +0000] "POST /register HTTP/1.1" 200 2706 "https://openresty-pronan.c9users.io/register" "Mozilla/5.0 (Windows NT 10.0; Win64; x64) AppleWebKit/537.36 (KHTML, like Gecko) Chrome/53.0.2785.143 Safari/537.36"
10.240.0.230 - - [11/Oct/2016:09:35:50 +0000] "GET /register HTTP/1.1" 200 2596 "-" "Mozilla/5.0 (Windows NT 10.0; Win64; x64) AppleWebKit/537.36 (KHTML, like Gecko) Chrome/53.0.2785.143 Safari/537.36"
10.240.0.213 - - [11/Oct/2016:09:36:10 +0000] "GET /register HTTP/1.1" 200 2596 "-" "Mozilla/5.0 (Windows NT 10.0; Win64; x64) AppleWebKit/537.36 (KHTML, like Gecko) Chrome/53.0.2785.143 Safari/537.36"
10.240.1.16 - - [11/Oct/2016:09:36:11 +0000] "GET /static/js/default.js HTTP/1.1" 304 0 "https://openresty-pronan.c9users.io/register" "Mozilla/5.0 (Windows NT 10.0; Win64; x64) AppleWebKit/537.36 (KHTML, like Gecko) Chrome/53.0.2785.143 Safari/537.36"
10.240.0.240 - - [11/Oct/2016:09:36:39 +0000] "GET /register HTTP/1.1" 200 2543 "-" "Mozilla/5.0 (Windows NT 10.0; Win64; x64) AppleWebKit/537.36 (KHTML, like Gecko) Chrome/53.0.2785.143 Safari/537.36"
10.240.0.213 - - [11/Oct/2016:09:36:39 +0000] "GET /static/js/default.js HTTP/1.1" 304 0 "https://openresty-pronan.c9users.io/register" "Mozilla/5.0 (Windows NT 10.0; Win64; x64) AppleWebKit/537.36 (KHTML, like Gecko) Chrome/53.0.2785.143 Safari/537.36"
10.240.0.5 - - [11/Oct/2016:09:37:00 +0000] "GET /login HTTP/1.1" 200 2780 "https://openresty-pronan.c9users.io/register" "Mozilla/5.0 (Windows NT 10.0; Win64; x64) AppleWebKit/537.36 (KHTML, like Gecko) Chrome/53.0.2785.143 Safari/537.36"
10.240.1.16 - - [11/Oct/2016:09:37:02 +0000] "GET /register HTTP/1.1" 200 2543 "https://openresty-pronan.c9users.io/login" "Mozilla/5.0 (Windows NT 10.0; Win64; x64) AppleWebKit/537.36 (KHTML, like Gecko) Chrome/53.0.2785.143 Safari/537.36"
10.240.1.30 - - [11/Oct/2016:09:37:05 +0000] "GET /login HTTP/1.1" 200 2780 "https://openresty-pronan.c9users.io/register" "Mozilla/5.0 (Windows NT 10.0; Win64; x64) AppleWebKit/537.36 (KHTML, like Gecko) Chrome/53.0.2785.143 Safari/537.36"
10.240.0.33 - - [11/Oct/2016:09:41:31 +0000] "GET /login HTTP/1.1" 200 2818 "https://openresty-pronan.c9users.io/register" "Mozilla/5.0 (Windows NT 10.0; Win64; x64) AppleWebKit/537.36 (KHTML, like Gecko) Chrome/53.0.2785.143 Safari/537.36"
10.240.0.5 - - [11/Oct/2016:09:41:32 +0000] "GET /static/images/qq.jpg HTTP/1.1" 304 0 "https://openresty-pronan.c9users.io/login" "Mozilla/5.0 (Windows NT 10.0; Win64; x64) AppleWebKit/537.36 (KHTML, like Gecko) Chrome/53.0.2785.143 Safari/537.36"
10.240.1.12 - - [11/Oct/2016:09:41:32 +0000] "GET /static/images/github.png HTTP/1.1" 304 0 "https://openresty-pronan.c9users.io/login" "Mozilla/5.0 (Windows NT 10.0; Win64; x64) AppleWebKit/537.36 (KHTML, like Gecko) Chrome/53.0.2785.143 Safari/537.36"
10.240.1.14 - - [11/Oct/2016:09:41:32 +0000] "GET /static/js/default.js HTTP/1.1" 304 0 "https://openresty-pronan.c9users.io/login" "Mozilla/5.0 (Windows NT 10.0; Win64; x64) AppleWebKit/537.36 (KHTML, like Gecko) Chrome/53.0.2785.143 Safari/537.36"
10.240.1.14 - - [11/Oct/2016:09:45:55 +0000] "GET /login HTTP/1.1" 200 2860 "https://openresty-pronan.c9users.io/register" "Mozilla/5.0 (Windows NT 10.0; Win64; x64) AppleWebKit/537.36 (KHTML, like Gecko) Chrome/53.0.2785.143 Safari/537.36"
10.240.1.14 - - [11/Oct/2016:09:45:55 +0000] "GET /static/js/default.js HTTP/1.1" 304 0 "https://openresty-pronan.c9users.io/login" "Mozilla/5.0 (Windows NT 10.0; Win64; x64) AppleWebKit/537.36 (KHTML, like Gecko) Chrome/53.0.2785.143 Safari/537.36"
10.240.0.240 - - [11/Oct/2016:09:45:56 +0000] "GET /static/images/qq.jpg HTTP/1.1" 304 0 "https://openresty-pronan.c9users.io/login" "Mozilla/5.0 (Windows NT 10.0; Win64; x64) AppleWebKit/537.36 (KHTML, like Gecko) Chrome/53.0.2785.143 Safari/537.36"
10.240.0.5 - - [11/Oct/2016:09:45:56 +0000] "GET /static/images/github.png HTTP/1.1" 304 0 "https://openresty-pronan.c9users.io/login" "Mozilla/5.0 (Windows NT 10.0; Win64; x64) AppleWebKit/537.36 (KHTML, like Gecko) Chrome/53.0.2785.143 Safari/537.36"
10.240.0.33 - - [11/Oct/2016:09:48:00 +0000] "GET /register HTTP/1.1" 200 2623 "https://openresty-pronan.c9users.io/login" "Mozilla/5.0 (Windows NT 10.0; Win64; x64) AppleWebKit/537.36 (KHTML, like Gecko) Chrome/53.0.2785.143 Safari/537.36"
10.240.1.12 - - [11/Oct/2016:09:48:02 +0000] "POST /register HTTP/1.1" 200 2733 "https://openresty-pronan.c9users.io/register" "Mozilla/5.0 (Windows NT 10.0; Win64; x64) AppleWebKit/537.36 (KHTML, like Gecko) Chrome/53.0.2785.143 Safari/537.36"
10.240.1.12 - - [11/Oct/2016:10:00:58 +0000] "GET /login HTTP/1.1" 200 2860 "https://openresty-pronan.c9users.io/register" "Mozilla/5.0 (Linux; U; Android 5.1.1; zh-cn; Redmi 3 Build/LMY47V) AppleWebKit/537.36 (KHTML, like Gecko) Version/4.0 Chrome/46.0.2490.85 Mobile Safari/537.36 XiaoMi/MiuiBrowser/8.2.10"
10.240.1.30 - - [11/Oct/2016:10:00:59 +0000] "GET /static/js/default.js HTTP/1.1" 304 0 "https://openresty-pronan.c9users.io/login" "Mozilla/5.0 (Linux; U; Android 5.1.1; zh-cn; Redmi 3 Build/LMY47V) AppleWebKit/537.36 (KHTML, like Gecko) Version/4.0 Chrome/46.0.2490.85 Mobile Safari/537.36 XiaoMi/MiuiBrowser/8.2.10"
10.240.0.33 - - [11/Oct/2016:10:01:57 +0000] "GET /register HTTP/1.1" 200 2623 "https://openresty-pronan.c9users.io/login" "Mozilla/5.0 (Linux; U; Android 5.1.1; zh-cn; Redmi 3 Build/LMY47V) AppleWebKit/537.36 (KHTML, like Gecko) Version/4.0 Chrome/46.0.2490.85 Mobile Safari/537.36 XiaoMi/MiuiBrowser/8.2.10"
10.240.0.213 - - [11/Oct/2016:10:37:44 +0000] "GET /static/js/default.js HTTP/1.1" 200 512616 "-" "Mozilla/5.0 (Macintosh; Intel Mac OS X 10_12_0) AppleWebKit/537.36 (KHTML, like Gecko) Chrome/53.0.2785.143 Safari/537.36"
10.240.0.213 - - [11/Oct/2016:10:37:46 +0000] "GET /static/js/index.js.map HTTP/1.1" 404 577 "-" "Mozilla/5.0 (Macintosh; Intel Mac OS X 10_12_0) AppleWebKit/537.36 (KHTML, like Gecko) Chrome/53.0.2785.143 Safari/537.36"
10.240.0.230 - - [11/Oct/2016:10:37:49 +0000] "GET / HTTP/1.1" 200 1329 "-" "Mozilla/5.0 (Macintosh; Intel Mac OS X 10_12_0) AppleWebKit/537.36 (KHTML, like Gecko) Chrome/53.0.2785.143 Safari/537.36"
10.240.0.230 - - [11/Oct/2016:10:37:49 +0000] "GET /index.js.map HTTP/1.1" 200 33 "-" "Mozilla/5.0 (Macintosh; Intel Mac OS X 10_12_0) AppleWebKit/537.36 (KHTML, like Gecko) Chrome/53.0.2785.143 Safari/537.36"
10.240.1.30 - - [11/Oct/2016:10:37:52 +0000] "GET /login HTTP/1.1" 200 2860 "http://openresty-pronan.c9users.io/" "Mozilla/5.0 (Macintosh; Intel Mac OS X 10_12_0) AppleWebKit/537.36 (KHTML, like Gecko) Chrome/53.0.2785.143 Safari/537.36"
10.240.0.214 - - [11/Oct/2016:10:37:53 +0000] "GET /static/images/qq.jpg HTTP/1.1" 304 0 "http://openresty-pronan.c9users.io/login" "Mozilla/5.0 (Macintosh; Intel Mac OS X 10_12_0) AppleWebKit/537.36 (KHTML, like Gecko) Chrome/53.0.2785.143 Safari/537.36"
10.240.1.14 - - [11/Oct/2016:10:37:53 +0000] "GET /static/images/github.png HTTP/1.1" 304 0 "http://openresty-pronan.c9users.io/login" "Mozilla/5.0 (Macintosh; Intel Mac OS X 10_12_0) AppleWebKit/537.36 (KHTML, like Gecko) Chrome/53.0.2785.143 Safari/537.36"
10.240.0.33 - - [11/Oct/2016:10:37:53 +0000] "GET /index.js.map HTTP/1.1" 200 33 "-" "Mozilla/5.0 (Macintosh; Intel Mac OS X 10_12_0) AppleWebKit/537.36 (KHTML, like Gecko) Chrome/53.0.2785.143 Safari/537.36"
10.240.1.14 - - [11/Oct/2016:10:39:50 +0000] "GET /register HTTP/1.1" 200 2623 "http://openresty-pronan.c9users.io/login" "Mozilla/5.0 (Macintosh; Intel Mac OS X 10_12_0) AppleWebKit/537.36 (KHTML, like Gecko) Chrome/53.0.2785.143 Safari/537.36"
10.240.0.230 - - [11/Oct/2016:10:39:51 +0000] "GET /index.js.map HTTP/1.1" 200 33 "-" "Mozilla/5.0 (Macintosh; Intel Mac OS X 10_12_0) AppleWebKit/537.36 (KHTML, like Gecko) Chrome/53.0.2785.143 Safari/537.36"
10.240.0.33 - - [11/Oct/2016:10:41:48 +0000] "POST /register HTTP/1.1" 200 2733 "http://openresty-pronan.c9users.io/register" "Mozilla/5.0 (Macintosh; Intel Mac OS X 10_12_0) AppleWebKit/537.36 (KHTML, like Gecko) Chrome/53.0.2785.143 Safari/537.36"
10.240.1.12 - - [11/Oct/2016:10:41:49 +0000] "GET /index.js.map HTTP/1.1" 200 33 "-" "Mozilla/5.0 (Macintosh; Intel Mac OS X 10_12_0) AppleWebKit/537.36 (KHTML, like Gecko) Chrome/53.0.2785.143 Safari/537.36"
10.240.1.30 - - [11/Oct/2016:10:41:55 +0000] "GET /register HTTP/1.1" 200 2623 "-" "Mozilla/5.0 (Macintosh; Intel Mac OS X 10_12_0) AppleWebKit/537.36 (KHTML, like Gecko) Chrome/53.0.2785.143 Safari/537.36"
10.240.1.12 - - [11/Oct/2016:10:41:55 +0000] "GET /index.js.map HTTP/1.1" 200 33 "-" "Mozilla/5.0 (Macintosh; Intel Mac OS X 10_12_0) AppleWebKit/537.36 (KHTML, like Gecko) Chrome/53.0.2785.143 Safari/537.36"
10.240.1.12 - - [11/Oct/2016:10:41:58 +0000] "POST /register HTTP/1.1" 200 2733 "http://openresty-pronan.c9users.io/register" "Mozilla/5.0 (Macintosh; Intel Mac OS X 10_12_0) AppleWebKit/537.36 (KHTML, like Gecko) Chrome/53.0.2785.143 Safari/537.36"
10.240.1.12 - - [11/Oct/2016:10:41:58 +0000] "GET /index.js.map HTTP/1.1" 200 33 "-" "Mozilla/5.0 (Macintosh; Intel Mac OS X 10_12_0) AppleWebKit/537.36 (KHTML, like Gecko) Chrome/53.0.2785.143 Safari/537.36"
10.240.1.16 - - [11/Oct/2016:13:24:16 +0000] "POST /register HTTP/1.1" 200 2733 "http://openresty-pronan.c9users.io/register" "Mozilla/5.0 (Macintosh; Intel Mac OS X 10_12_0) AppleWebKit/537.36 (KHTML, like Gecko) Chrome/53.0.2785.143 Safari/537.36"
10.240.0.5 - - [11/Oct/2016:13:24:16 +0000] "GET /static/js/default.js HTTP/1.1" 304 0 "http://openresty-pronan.c9users.io/register" "Mozilla/5.0 (Macintosh; Intel Mac OS X 10_12_0) AppleWebKit/537.36 (KHTML, like Gecko) Chrome/53.0.2785.143 Safari/537.36"
10.240.0.230 - - [11/Oct/2016:13:24:17 +0000] "GET /index.js.map HTTP/1.1" 200 33 "-" "Mozilla/5.0 (Macintosh; Intel Mac OS X 10_12_0) AppleWebKit/537.36 (KHTML, like Gecko) Chrome/53.0.2785.143 Safari/537.36"
10.240.0.5 - - [11/Oct/2016:13:46:06 +0000] "GET /login HTTP/1.1" 200 2860 "http://openresty-pronan.c9users.io/register" "Mozilla/5.0 (Macintosh; Intel Mac OS X 10_12_0) AppleWebKit/537.36 (KHTML, like Gecko) Chrome/53.0.2785.143 Safari/537.36"
10.240.0.5 - - [11/Oct/2016:13:46:06 +0000] "GET /static/images/github.png HTTP/1.1" 304 0 "http://openresty-pronan.c9users.io/login" "Mozilla/5.0 (Macintosh; Intel Mac OS X 10_12_0) AppleWebKit/537.36 (KHTML, like Gecko) Chrome/53.0.2785.143 Safari/537.36"
10.240.0.5 - - [11/Oct/2016:13:46:07 +0000] "GET /index.js.map HTTP/1.1" 200 33 "-" "Mozilla/5.0 (Macintosh; Intel Mac OS X 10_12_0) AppleWebKit/537.36 (KHTML, like Gecko) Chrome/53.0.2785.143 Safari/537.36"
10.240.0.214 - - [11/Oct/2016:13:46:07 +0000] "GET /static/images/qq.jpg HTTP/1.1" 304 0 "http://openresty-pronan.c9users.io/login" "Mozilla/5.0 (Macintosh; Intel Mac OS X 10_12_0) AppleWebKit/537.36 (KHTML, like Gecko) Chrome/53.0.2785.143 Safari/537.36"
10.240.0.240 - - [11/Oct/2016:13:49:44 +0000] "GET / HTTP/1.1" 200 1329 "http://openresty-pronan.c9users.io/login" "Mozilla/5.0 (Macintosh; Intel Mac OS X 10_12_0) AppleWebKit/537.36 (KHTML, like Gecko) Chrome/53.0.2785.143 Safari/537.36"
10.240.0.214 - - [11/Oct/2016:13:49:45 +0000] "GET /index.js.map HTTP/1.1" 200 33 "-" "Mozilla/5.0 (Macintosh; Intel Mac OS X 10_12_0) AppleWebKit/537.36 (KHTML, like Gecko) Chrome/53.0.2785.143 Safari/537.36"
10.240.0.33 - - [11/Oct/2016:13:51:03 +0000] "GET / HTTP/1.1" 200 501 "http://openresty-pronan.c9users.io/login" "Mozilla/5.0 (Macintosh; Intel Mac OS X 10_12_0) AppleWebKit/537.36 (KHTML, like Gecko) Chrome/53.0.2785.143 Safari/537.36"
10.240.1.16 - - [11/Oct/2016:13:51:03 +0000] "GET /index.js.map HTTP/1.1" 200 33 "-" "Mozilla/5.0 (Macintosh; Intel Mac OS X 10_12_0) AppleWebKit/537.36 (KHTML, like Gecko) Chrome/53.0.2785.143 Safari/537.36"
10.240.0.33 - - [11/Oct/2016:13:51:08 +0000] "GET /index.js.map HTTP/1.1" 200 33 "-" "Mozilla/5.0 (Macintosh; Intel Mac OS X 10_12_0) AppleWebKit/537.36 (KHTML, like Gecko) Chrome/53.0.2785.143 Safari/537.36"
10.240.0.33 - - [11/Oct/2016:13:51:10 +0000] "GET /register HTTP/1.1" 200 501 "http://openresty-pronan.c9users.io/login" "Mozilla/5.0 (Macintosh; Intel Mac OS X 10_12_0) AppleWebKit/537.36 (KHTML, like Gecko) Chrome/53.0.2785.143 Safari/537.36"
10.240.0.33 - - [11/Oct/2016:13:51:10 +0000] "GET /index.js.map HTTP/1.1" 200 33 "-" "Mozilla/5.0 (Macintosh; Intel Mac OS X 10_12_0) AppleWebKit/537.36 (KHTML, like Gecko) Chrome/53.0.2785.143 Safari/537.36"
10.240.1.16 - - [11/Oct/2016:13:51:13 +0000] "GET /index.js.map HTTP/1.1" 200 33 "-" "Mozilla/5.0 (Macintosh; Intel Mac OS X 10_12_0) AppleWebKit/537.36 (KHTML, like Gecko) Chrome/53.0.2785.143 Safari/537.36"
10.240.0.214 - - [11/Oct/2016:13:51:28 +0000] "GET /login HTTP/1.1" 200 2873 "-" "Mozilla/5.0 (Macintosh; Intel Mac OS X 10_12_0) AppleWebKit/537.36 (KHTML, like Gecko) Chrome/53.0.2785.143 Safari/537.36"
10.240.0.33 - - [11/Oct/2016:13:51:28 +0000] "GET /index.js.map HTTP/1.1" 200 33 "-" "Mozilla/5.0 (Macintosh; Intel Mac OS X 10_12_0) AppleWebKit/537.36 (KHTML, like Gecko) Chrome/53.0.2785.143 Safari/537.36"
10.240.0.33 - - [11/Oct/2016:14:40:16 +0000] "GET /login HTTP/1.1" 200 2860 "-" "Mozilla/5.0 (Macintosh; Intel Mac OS X 10_12_0) AppleWebKit/537.36 (KHTML, like Gecko) Chrome/53.0.2785.143 Safari/537.36"
10.240.0.33 - - [11/Oct/2016:14:40:16 +0000] "GET /static/js/default.js HTTP/1.1" 304 0 "http://openresty-pronan.c9users.io/login" "Mozilla/5.0 (Macintosh; Intel Mac OS X 10_12_0) AppleWebKit/537.36 (KHTML, like Gecko) Chrome/53.0.2785.143 Safari/537.36"
10.240.0.230 - - [11/Oct/2016:14:40:17 +0000] "GET /index.js.map HTTP/1.1" 200 33 "-" "Mozilla/5.0 (Macintosh; Intel Mac OS X 10_12_0) AppleWebKit/537.36 (KHTML, like Gecko) Chrome/53.0.2785.143 Safari/537.36"
10.240.0.230 - - [11/Oct/2016:14:53:23 +0000] "GET /user/create HTTP/1.1" 200 27 "-" "Mozilla/5.0 (Macintosh; Intel Mac OS X 10_12_0) AppleWebKit/537.36 (KHTML, like Gecko) Chrome/53.0.2785.143 Safari/537.36"
10.240.1.14 - - [11/Oct/2016:14:53:24 +0000] "GET /user/index.js.map HTTP/1.1" 200 33 "-" "Mozilla/5.0 (Macintosh; Intel Mac OS X 10_12_0) AppleWebKit/537.36 (KHTML, like Gecko) Chrome/53.0.2785.143 Safari/537.36"
10.240.1.12 - - [11/Oct/2016:15:14:35 +0000] "GET /user/create HTTP/1.1" 200 283 "-" "Mozilla/5.0 (Macintosh; Intel Mac OS X 10_12_0) AppleWebKit/537.36 (KHTML, like Gecko) Chrome/53.0.2785.143 Safari/537.36"
10.240.1.12 - - [11/Oct/2016:15:14:36 +0000] "GET /user/index.js.map HTTP/1.1" 200 33 "-" "Mozilla/5.0 (Macintosh; Intel Mac OS X 10_12_0) AppleWebKit/537.36 (KHTML, like Gecko) Chrome/53.0.2785.143 Safari/537.36"
10.240.0.214 - - [11/Oct/2016:15:16:34 +0000] "GET /user/create HTTP/1.1" 200 283 "-" "Mozilla/5.0 (Macintosh; Intel Mac OS X 10_12_0) AppleWebKit/537.36 (KHTML, like Gecko) Chrome/53.0.2785.143 Safari/537.36"
10.240.0.240 - - [11/Oct/2016:15:16:35 +0000] "GET /user/index.js.map HTTP/1.1" 200 33 "-" "Mozilla/5.0 (Macintosh; Intel Mac OS X 10_12_0) AppleWebKit/537.36 (KHTML, like Gecko) Chrome/53.0.2785.143 Safari/537.36"
10.240.1.12 - - [11/Oct/2016:15:18:04 +0000] "GET / HTTP/1.1" 200 1329 "-" "Mozilla/5.0 (Macintosh; Intel Mac OS X 10_12_0) AppleWebKit/537.36 (KHTML, like Gecko) Chrome/53.0.2785.143 Safari/537.36"
10.240.0.33 - - [11/Oct/2016:15:18:05 +0000] "GET /index.js.map HTTP/1.1" 200 33 "-" "Mozilla/5.0 (Macintosh; Intel Mac OS X 10_12_0) AppleWebKit/537.36 (KHTML, like Gecko) Chrome/53.0.2785.143 Safari/537.36"
10.240.0.33 - - [11/Oct/2016:15:18:07 +0000] "GET /login HTTP/1.1" 200 2860 "http://openresty-pronan.c9users.io/" "Mozilla/5.0 (Macintosh; Intel Mac OS X 10_12_0) AppleWebKit/537.36 (KHTML, like Gecko) Chrome/53.0.2785.143 Safari/537.36"
10.240.1.12 - - [11/Oct/2016:15:18:07 +0000] "GET /index.js.map HTTP/1.1" 200 33 "-" "Mozilla/5.0 (Macintosh; Intel Mac OS X 10_12_0) AppleWebKit/537.36 (KHTML, like Gecko) Chrome/53.0.2785.143 Safari/537.36"
10.240.0.230 - - [11/Oct/2016:15:18:10 +0000] "GET /register HTTP/1.1" 200 2623 "http://openresty-pronan.c9users.io/login" "Mozilla/5.0 (Macintosh; Intel Mac OS X 10_12_0) AppleWebKit/537.36 (KHTML, like Gecko) Chrome/53.0.2785.143 Safari/537.36"
10.240.0.230 - - [11/Oct/2016:15:18:10 +0000] "GET /index.js.map HTTP/1.1" 200 33 "-" "Mozilla/5.0 (Macintosh; Intel Mac OS X 10_12_0) AppleWebKit/537.36 (KHTML, like Gecko) Chrome/53.0.2785.143 Safari/537.36"
10.240.0.213 - - [11/Oct/2016:15:18:13 +0000] "POST /register HTTP/1.1" 200 2733 "http://openresty-pronan.c9users.io/register" "Mozilla/5.0 (Macintosh; Intel Mac OS X 10_12_0) AppleWebKit/537.36 (KHTML, like Gecko) Chrome/53.0.2785.143 Safari/537.36"
10.240.1.30 - - [11/Oct/2016:15:18:14 +0000] "GET /index.js.map HTTP/1.1" 200 33 "-" "Mozilla/5.0 (Macintosh; Intel Mac OS X 10_12_0) AppleWebKit/537.36 (KHTML, like Gecko) Chrome/53.0.2785.143 Safari/537.36"
10.240.0.213 - - [11/Oct/2016:15:18:15 +0000] "GET /login HTTP/1.1" 200 2860 "http://openresty-pronan.c9users.io/register" "Mozilla/5.0 (Macintosh; Intel Mac OS X 10_12_0) AppleWebKit/537.36 (KHTML, like Gecko) Chrome/53.0.2785.143 Safari/537.36"
10.240.1.12 - - [11/Oct/2016:15:18:15 +0000] "GET /index.js.map HTTP/1.1" 200 33 "-" "Mozilla/5.0 (Macintosh; Intel Mac OS X 10_12_0) AppleWebKit/537.36 (KHTML, like Gecko) Chrome/53.0.2785.143 Safari/537.36"
10.240.1.12 - - [11/Oct/2016:15:18:16 +0000] "POST /login HTTP/1.1" 200 583 "http://openresty-pronan.c9users.io/login" "Mozilla/5.0 (Macintosh; Intel Mac OS X 10_12_0) AppleWebKit/537.36 (KHTML, like Gecko) Chrome/53.0.2785.143 Safari/537.36"
10.240.1.12 - - [11/Oct/2016:15:18:16 +0000] "GET /index.js.map HTTP/1.1" 200 33 "-" "Mozilla/5.0 (Macintosh; Intel Mac OS X 10_12_0) AppleWebKit/537.36 (KHTML, like Gecko) Chrome/53.0.2785.143 Safari/537.36"
10.240.1.12 - - [11/Oct/2016:15:19:05 +0000] "GET /login HTTP/1.1" 200 2860 "-" "Mozilla/5.0 (Macintosh; Intel Mac OS X 10_12_0) AppleWebKit/537.36 (KHTML, like Gecko) Chrome/53.0.2785.143 Safari/537.36"
10.240.0.213 - - [11/Oct/2016:15:19:05 +0000] "GET /index.js.map HTTP/1.1" 200 33 "-" "Mozilla/5.0 (Macintosh; Intel Mac OS X 10_12_0) AppleWebKit/537.36 (KHTML, like Gecko) Chrome/53.0.2785.143 Safari/537.36"
10.240.1.12 - - [11/Oct/2016:15:19:06 +0000] "POST /login HTTP/1.1" 200 940 "http://openresty-pronan.c9users.io/login" "Mozilla/5.0 (Macintosh; Intel Mac OS X 10_12_0) AppleWebKit/537.36 (KHTML, like Gecko) Chrome/53.0.2785.143 Safari/537.36"
10.240.0.230 - - [11/Oct/2016:15:19:07 +0000] "GET /index.js.map HTTP/1.1" 200 33 "-" "Mozilla/5.0 (Macintosh; Intel Mac OS X 10_12_0) AppleWebKit/537.36 (KHTML, like Gecko) Chrome/53.0.2785.143 Safari/537.36"
10.240.1.30 - - [11/Oct/2016:15:22:09 +0000] "GET /login HTTP/1.1" 200 2860 "-" "Mozilla/5.0 (Macintosh; Intel Mac OS X 10_12_0) AppleWebKit/537.36 (KHTML, like Gecko) Chrome/53.0.2785.143 Safari/537.36"
10.240.1.16 - - [11/Oct/2016:15:22:10 +0000] "GET /index.js.map HTTP/1.1" 200 33 "-" "Mozilla/5.0 (Macintosh; Intel Mac OS X 10_12_0) AppleWebKit/537.36 (KHTML, like Gecko) Chrome/53.0.2785.143 Safari/537.36"
10.240.0.213 - - [11/Oct/2016:15:22:11 +0000] "POST /login HTTP/1.1" 200 2966 "http://openresty-pronan.c9users.io/login" "Mozilla/5.0 (Macintosh; Intel Mac OS X 10_12_0) AppleWebKit/537.36 (KHTML, like Gecko) Chrome/53.0.2785.143 Safari/537.36"
10.240.1.16 - - [11/Oct/2016:15:22:12 +0000] "GET /index.js.map HTTP/1.1" 200 33 "-" "Mozilla/5.0 (Macintosh; Intel Mac OS X 10_12_0) AppleWebKit/537.36 (KHTML, like Gecko) Chrome/53.0.2785.143 Safari/537.36"
10.240.1.12 - - [11/Oct/2016:15:22:54 +0000] "GET /user/create HTTP/1.1" 200 283 "-" "Mozilla/5.0 (Macintosh; Intel Mac OS X 10_12_0) AppleWebKit/537.36 (KHTML, like Gecko) Chrome/53.0.2785.143 Safari/537.36"
10.240.1.12 - - [11/Oct/2016:15:22:55 +0000] "GET /user/index.js.map HTTP/1.1" 200 33 "-" "Mozilla/5.0 (Macintosh; Intel Mac OS X 10_12_0) AppleWebKit/537.36 (KHTML, like Gecko) Chrome/53.0.2785.143 Safari/537.36"
10.240.0.214 - - [11/Oct/2016:15:27:45 +0000] "GET /user/create HTTP/1.1" 200 283 "-" "Mozilla/5.0 (Macintosh; Intel Mac OS X 10_12_0) AppleWebKit/537.36 (KHTML, like Gecko) Chrome/53.0.2785.143 Safari/537.36"
10.240.0.214 - - [11/Oct/2016:15:27:45 +0000] "GET /user/index.js.map HTTP/1.1" 200 33 "-" "Mozilla/5.0 (Macintosh; Intel Mac OS X 10_12_0) AppleWebKit/537.36 (KHTML, like Gecko) Chrome/53.0.2785.143 Safari/537.36"
10.240.0.240 - - [11/Oct/2016:15:30:49 +0000] "GET /user/create HTTP/1.1" 200 283 "-" "Mozilla/5.0 (Macintosh; Intel Mac OS X 10_12_0) AppleWebKit/537.36 (KHTML, like Gecko) Chrome/53.0.2785.143 Safari/537.36"
10.240.0.5 - - [11/Oct/2016:15:30:49 +0000] "GET /user/index.js.map HTTP/1.1" 200 33 "-" "Mozilla/5.0 (Macintosh; Intel Mac OS X 10_12_0) AppleWebKit/537.36 (KHTML, like Gecko) Chrome/53.0.2785.143 Safari/537.36"
10.240.0.214 - - [11/Oct/2016:15:35:36 +0000] "GET /user/create HTTP/1.1" 200 27 "-" "Mozilla/5.0 (Macintosh; Intel Mac OS X 10_12_0) AppleWebKit/537.36 (KHTML, like Gecko) Chrome/53.0.2785.143 Safari/537.36"
10.240.0.214 - - [11/Oct/2016:15:35:37 +0000] "GET /user/index.js.map HTTP/1.1" 200 33 "-" "Mozilla/5.0 (Macintosh; Intel Mac OS X 10_12_0) AppleWebKit/537.36 (KHTML, like Gecko) Chrome/53.0.2785.143 Safari/537.36"
10.240.1.16 - - [11/Oct/2016:15:37:01 +0000] "GET /user/create HTTP/1.1" 500 601 "-" "Mozilla/5.0 (Macintosh; Intel Mac OS X 10_12_0) AppleWebKit/537.36 (KHTML, like Gecko) Chrome/53.0.2785.143 Safari/537.36"
10.240.1.16 - - [11/Oct/2016:15:37:01 +0000] "GET /user/index.js.map HTTP/1.1" 500 601 "-" "Mozilla/5.0 (Macintosh; Intel Mac OS X 10_12_0) AppleWebKit/537.36 (KHTML, like Gecko) Chrome/53.0.2785.143 Safari/537.36"
10.240.1.14 - - [11/Oct/2016:15:37:52 +0000] "GET /user/create HTTP/1.1" 200 21 "-" "Mozilla/5.0 (Macintosh; Intel Mac OS X 10_12_0) AppleWebKit/537.36 (KHTML, like Gecko) Chrome/53.0.2785.143 Safari/537.36"
10.240.0.214 - - [11/Oct/2016:15:37:53 +0000] "GET /user/index.js.map HTTP/1.1" 200 33 "-" "Mozilla/5.0 (Macintosh; Intel Mac OS X 10_12_0) AppleWebKit/537.36 (KHTML, like Gecko) Chrome/53.0.2785.143 Safari/537.36"
10.240.0.33 - - [11/Oct/2016:15:39:34 +0000] "GET /user/create HTTP/1.1" 200 21 "-" "Mozilla/5.0 (Macintosh; Intel Mac OS X 10_12_0) AppleWebKit/537.36 (KHTML, like Gecko) Chrome/53.0.2785.143 Safari/537.36"
10.240.0.5 - - [11/Oct/2016:15:39:35 +0000] "GET /user/index.js.map HTTP/1.1" 200 33 "-" "Mozilla/5.0 (Macintosh; Intel Mac OS X 10_12_0) AppleWebKit/537.36 (KHTML, like Gecko) Chrome/53.0.2785.143 Safari/537.36"
10.240.0.5 - - [11/Oct/2016:15:39:40 +0000] "GET /user/create HTTP/1.1" 200 21 "-" "Mozilla/5.0 (Macintosh; Intel Mac OS X 10_12_0) AppleWebKit/537.36 (KHTML, like Gecko) Chrome/53.0.2785.143 Safari/537.36"
10.240.1.12 - - [11/Oct/2016:15:39:41 +0000] "GET /user/index.js.map HTTP/1.1" 200 33 "-" "Mozilla/5.0 (Macintosh; Intel Mac OS X 10_12_0) AppleWebKit/537.36 (KHTML, like Gecko) Chrome/53.0.2785.143 Safari/537.36"
10.240.1.14 - - [11/Oct/2016:15:41:04 +0000] "GET /user/create HTTP/1.1" 200 27 "-" "Mozilla/5.0 (Macintosh; Intel Mac OS X 10_12_0) AppleWebKit/537.36 (KHTML, like Gecko) Chrome/53.0.2785.143 Safari/537.36"
10.240.0.240 - - [11/Oct/2016:15:41:05 +0000] "GET /user/index.js.map HTTP/1.1" 200 33 "-" "Mozilla/5.0 (Macintosh; Intel Mac OS X 10_12_0) AppleWebKit/537.36 (KHTML, like Gecko) Chrome/53.0.2785.143 Safari/537.36"
10.240.0.5 - - [11/Oct/2016:15:43:46 +0000] "GET /user/create HTTP/1.1" 200 27 "-" "Mozilla/5.0 (Macintosh; Intel Mac OS X 10_12_0) AppleWebKit/537.36 (KHTML, like Gecko) Chrome/53.0.2785.143 Safari/537.36"
10.240.1.12 - - [11/Oct/2016:15:43:47 +0000] "GET /user/index.js.map HTTP/1.1" 200 33 "-" "Mozilla/5.0 (Macintosh; Intel Mac OS X 10_12_0) AppleWebKit/537.36 (KHTML, like Gecko) Chrome/53.0.2785.143 Safari/537.36"
10.240.0.33 - - [11/Oct/2016:15:50:37 +0000] "GET /user/create HTTP/1.1" 200 27 "-" "Mozilla/5.0 (Macintosh; Intel Mac OS X 10_12_0) AppleWebKit/537.36 (KHTML, like Gecko) Chrome/53.0.2785.143 Safari/537.36"
10.240.0.33 - - [11/Oct/2016:15:50:37 +0000] "GET /user/index.js.map HTTP/1.1" 200 33 "-" "Mozilla/5.0 (Macintosh; Intel Mac OS X 10_12_0) AppleWebKit/537.36 (KHTML, like Gecko) Chrome/53.0.2785.143 Safari/537.36"
10.240.1.14 - - [11/Oct/2016:16:06:18 +0000] "GET /user/create HTTP/1.1" 200 627 "-" "Mozilla/5.0 (Macintosh; Intel Mac OS X 10_12_0) AppleWebKit/537.36 (KHTML, like Gecko) Chrome/53.0.2785.143 Safari/537.36"
10.240.1.16 - - [11/Oct/2016:16:06:18 +0000] "GET /user/index.js.map HTTP/1.1" 200 33 "-" "Mozilla/5.0 (Macintosh; Intel Mac OS X 10_12_0) AppleWebKit/537.36 (KHTML, like Gecko) Chrome/53.0.2785.143 Safari/537.36"
10.240.1.14 - - [11/Oct/2016:16:06:58 +0000] "GET /user/create HTTP/1.1" 200 627 "-" "Mozilla/5.0 (Macintosh; Intel Mac OS X 10_12_0) AppleWebKit/537.36 (KHTML, like Gecko) Chrome/53.0.2785.143 Safari/537.36"
10.240.0.33 - - [11/Oct/2016:16:06:59 +0000] "GET /user/index.js.map HTTP/1.1" 200 33 "-" "Mozilla/5.0 (Macintosh; Intel Mac OS X 10_12_0) AppleWebKit/537.36 (KHTML, like Gecko) Chrome/53.0.2785.143 Safari/537.36"
10.240.0.213 - - [11/Oct/2016:16:07:22 +0000] "GET /user/create HTTP/1.1" 200 627 "-" "Mozilla/5.0 (Macintosh; Intel Mac OS X 10_12_0) AppleWebKit/537.36 (KHTML, like Gecko) Chrome/53.0.2785.143 Safari/537.36"
10.240.0.33 - - [11/Oct/2016:16:07:22 +0000] "GET /user/index.js.map HTTP/1.1" 200 33 "-" "Mozilla/5.0 (Macintosh; Intel Mac OS X 10_12_0) AppleWebKit/537.36 (KHTML, like Gecko) Chrome/53.0.2785.143 Safari/537.36"
10.240.0.33 - - [11/Oct/2016:16:12:37 +0000] "GET /user/create HTTP/1.1" 200 627 "-" "Mozilla/5.0 (Macintosh; Intel Mac OS X 10_12_0) AppleWebKit/537.36 (KHTML, like Gecko) Chrome/53.0.2785.143 Safari/537.36"
10.240.0.33 - - [11/Oct/2016:16:12:37 +0000] "GET /user/index.js.map HTTP/1.1" 200 33 "-" "Mozilla/5.0 (Macintosh; Intel Mac OS X 10_12_0) AppleWebKit/537.36 (KHTML, like Gecko) Chrome/53.0.2785.143 Safari/537.36"
10.240.1.30 - - [11/Oct/2016:16:13:20 +0000] "GET /user/create HTTP/1.1" 200 627 "-" "Mozilla/5.0 (Macintosh; Intel Mac OS X 10_12_0) AppleWebKit/537.36 (KHTML, like Gecko) Chrome/53.0.2785.143 Safari/537.36"
10.240.0.214 - - [11/Oct/2016:16:13:21 +0000] "GET /user/index.js.map HTTP/1.1" 200 33 "-" "Mozilla/5.0 (Macintosh; Intel Mac OS X 10_12_0) AppleWebKit/537.36 (KHTML, like Gecko) Chrome/53.0.2785.143 Safari/537.36"
10.240.0.5 - - [11/Oct/2016:16:13:42 +0000] "GET /user/create HTTP/1.1" 500 601 "-" "Mozilla/5.0 (Macintosh; Intel Mac OS X 10_12_0) AppleWebKit/537.36 (KHTML, like Gecko) Chrome/53.0.2785.143 Safari/537.36"
10.240.0.5 - - [11/Oct/2016:16:13:43 +0000] "GET /user/index.js.map HTTP/1.1" 500 601 "-" "Mozilla/5.0 (Macintosh; Intel Mac OS X 10_12_0) AppleWebKit/537.36 (KHTML, like Gecko) Chrome/53.0.2785.143 Safari/537.36"
10.240.0.240 - - [11/Oct/2016:16:14:55 +0000] "GET /user/create HTTP/1.1" 200 21 "-" "Mozilla/5.0 (Macintosh; Intel Mac OS X 10_12_0) AppleWebKit/537.36 (KHTML, like Gecko) Chrome/53.0.2785.143 Safari/537.36"
10.240.0.230 - - [11/Oct/2016:16:14:56 +0000] "GET /user/index.js.map HTTP/1.1" 200 33 "-" "Mozilla/5.0 (Macintosh; Intel Mac OS X 10_12_0) AppleWebKit/537.36 (KHTML, like Gecko) Chrome/53.0.2785.143 Safari/537.36"
10.240.0.230 - - [11/Oct/2016:16:18:45 +0000] "GET /user/create HTTP/1.1" 200 21 "-" "Mozilla/5.0 (Macintosh; Intel Mac OS X 10_12_0) AppleWebKit/537.36 (KHTML, like Gecko) Chrome/53.0.2785.143 Safari/537.36"
10.240.0.33 - - [11/Oct/2016:16:18:46 +0000] "GET /user/index.js.map HTTP/1.1" 200 33 "-" "Mozilla/5.0 (Macintosh; Intel Mac OS X 10_12_0) AppleWebKit/537.36 (KHTML, like Gecko) Chrome/53.0.2785.143 Safari/537.36"
10.240.0.5 - - [11/Oct/2016:16:21:06 +0000] "GET /user/create HTTP/1.1" 200 21 "-" "Mozilla/5.0 (Macintosh; Intel Mac OS X 10_12_0) AppleWebKit/537.36 (KHTML, like Gecko) Chrome/53.0.2785.143 Safari/537.36"
